// Jest Snapshot v1, https://goo.gl/fbAQLP

exports[`should match the snapshot 1`] = `
<DocumentFragment>
  <div>
    <div>
      <li>
        Walk the dog
      </li>
    </div>
    <button>
      X
    </button>
  </div>
</DocumentFragment>
`;
