// Jest Snapshot v1, https://goo.gl/fbAQLP

exports[`should match the snapshot 1`] = `
<DocumentFragment>
  <div>
    <form>
      <div>
        <label
          for="task"
        >
          Task:
        </label>
        <input
          id="task"
          name="task"
          type="text"
          value=""
        />
      </div>
      <button>
        Add a new todo
      </button>
    </form>
    <ul />
  </div>
</DocumentFragment>
`;
