// Jest Snapshot v1, https://goo.gl/fbAQLP

exports[`should match the snapshot 1`] = `
<DocumentFragment>
  <div>
    <form>
      <div>
        <label
          for="backgroundColor"
        >
          Background Color
        </label>
        <input
          id="backgroundColor"
          name="backgroundColor"
          type="text"
          value=""
        />
      </div>
      <div>
        <label
          for="height"
        >
          Height
        </label>
        <input
          id="height"
          name="height"
          type="text"
          value=""
        />
      </div>
      <div>
        <label
          for="width"
        >
          Width
        </label>
        <input
          id="width"
          name="width"
          type="text"
          value=""
        />
      </div>
      <button>
        Add a new box
      </button>
    </form>
  </div>
</DocumentFragment>
`;
